xai-fw boot nodes=7720 trees=200 hz=16000000
C i=0 m=-4079734 phi=1181469,-949926,79591,-242726,41877,32686,-188717,-182716,-634480,-401151,814129,-167505,97165,118060,-412546,-344530,382193,120564,-107082,26116,-125454,-109499,4834,-180697
C i=1 m=-5126959 phi=29160,-768143,-652413,219650,6144,6902,-68507,-83751,-284912,-553682,-500828,21878,44971,39068,-182861,-72742,1157497,-295580,-50846,-97682,-102300,126910,-48883,-84624
C i=2 m=-6957813 phi=-542290,-192540,-169646,81014,-31576,46090,-139105,-126500,-224789,-1507152,-200986,83376,-63570,360108,-311074,-240605,-635821,-6412,-10362,104144,-148146,-274783,-222500,346697
C i=3 m=-7111749 phi=-467361,153154,-1067888,93713,-182254,-127888,-307218,89733,130250,-1338219,-906579,11695,-151617,85574,-242770,-265169,485034,223708,-358455,-98460,-52500,-81260,-234430,428842
C i=4 m=-6663069 phi=-389154,-883840,176067,-131944,-206699,-15669,326447,-231935,-77240,-1515083,-871444,-148255,-125150,96682,80109,216385,-92562,-73825,82523,111855,-123972,66051,-111677,110644
C i=5 m=-6099261 phi=182173,-1856353,843981,-836428,254569,324487,-489569,74723,-136913,31068,-535492,-457807,94749,-175953,189916,32571,-657228,76545,-181169,98392,176887,2287,-204632,-18679
C i=6 m=-8066944 phi=-414392,-27527,-1221345,309614,145485,-117939,-254199,-186435,-374324,616168,-568349,9049,-152045,-284556,-359665,-373009,-412514,-569025,-29171,-70129,-233688,-262867,-182870,-121826
C i=7 m=-7456593 phi=-680035,52148,-400604,-64027,-169971,-264235,-243035,-149274,-287436,-755640,-177352,-64107,-96615,-137848,14354,-82582,-637541,-154004,-51272,68580,40809,-334141,112202,-63581
C i=8 m=-7351031 phi=-571569,175836,-220685,-671449,-72897,-18788,-181803,-167538,-398268,-908588,-297280,72172,-136151,-137059,36820,-180891,-190569,127474,-30060,69615,-140682,-214270,-227913,-135103
C i=9 m=-5873238 phi=637342,-1490522,492011,-715750,-152961,81014,397825,-199418,41791,-1205411,-468611,-238860,-45756,-96260,-307112,549118,-247812,-243834,381,257652,-187080,113122,25677,61603
C i=10 m=-8249554 phi=-484348,-241100,93894,-358973,-264794,-726,30338,-183065,-230037,-1435665,-766502,-112540,-116809,-134425,-57550,99069,-868430,-14947,98803,70025,3840,-200852,-55683,-187692
C i=11 m=-8323787 phi=-419423,605516,-491208,-27019,-36550,34855,-89557,-208609,54610,-2308999,-321374,-133358,319258,-138987,-384674,-280799,-1384093,49790,-135149,18258,-94289,25334,-42966,-2969
C i=12 m=-6402737 phi=694423,-27774,-157520,-57841,73281,46840,-196778,-106932,-22882,-1336061,-921486,-138985,-202193,-231029,-31175,453431,-250176,-423557,70814,-329962,-283042,-268508,121439,54324
C i=13 m=-6926461 phi=-691425,192944,-529591,-919603,78383,144210,-67905,-214570,-725166,-599448,511254,-33915,-194394,-33279,-516690,-98649,-530377,26349,-19056,36774,-203368,-69890,393252,69087
C i=14 m=-2261714 phi=612071,-285478,873666,-16661,201716,282954,-81929,163938,246218,-728754,335349,-44738,-5777,37491,424299,-134902,-814494,-199688,-8126,83241,-34762,-130075,-57918,-47970
C i=15 m=-9060458 phi=294864,-987951,-120990,-548339,-257049,-113501,-357829,-115561,-160870,-648514,-829286,-56151,-87690,-487692,-143956,-814383,261540,29709,82348,-425600,-90383,-298468,-174733,-78585
C ev=-2931388 bgE=-6886091
B r=0 op=spin1s reps=1 passes=0 cyc=16000117
B r=0 op=infer_test reps=2000 passes=2000 cyc=44453381
B r=0 op=infer_bg reps=1000 passes=1000 cyc=21720421
B r=0 op=treeshap reps=200 passes=0 cyc=1664890736
B r=0 op=occlusion reps=200 passes=5000 cyc=119261285
B r=0 op=lime5000 reps=3 passes=15000 cyc=414836252
B r=0 op=kernel21 reps=3 passes=6303 cyc=154794617
B r=0 op=kernel210 reps=1 passes=21001 cyc=509145955
B r=0 op=kernel2096 reps=1 passes=209601 cyc=5081422533
B r=1 op=spin1s reps=1 passes=0 cyc=16000138
B r=1 op=infer_test reps=2000 passes=2000 cyc=44453414
B r=1 op=infer_bg reps=1000 passes=1000 cyc=21720388
B r=1 op=treeshap reps=200 passes=0 cyc=1664890750
B r=1 op=occlusion reps=200 passes=5000 cyc=119239114
B r=1 op=lime5000 reps=3 passes=15000 cyc=414884091
B r=1 op=kernel21 reps=3 passes=6303 cyc=155014243
B r=1 op=kernel210 reps=1 passes=21001 cyc=509113352
B r=1 op=kernel2096 reps=1 passes=209601 cyc=5082033988
#
