== 1/5 remote architecture ==
aarch64
2
Mem:               3           0           3           0           0           3
== 2/5 shipping the repository (no data, no venv) ==
== 3/5 installing (this is the slow part: torch is ~2 GB) ==
debconf: unable to initialize frontend: Dialog
debconf: (Dialog frontend will not work on a dumb terminal, an emacs shell buffer, or without a controlling terminal.)
debconf: falling back to frontend: Readline
debconf: unable to initialize frontend: Readline
debconf: (This frontend requires a controlling tty.)
debconf: falling back to frontend: Teletype
dpkg-preconfigure: unable to re-open stdin: 
debconf: unable to initialize frontend: Dialog
debconf: (Dialog frontend will not work on a dumb terminal, an emacs shell buffer, or without a controlling terminal.)
debconf: falling back to frontend: Readline
debconf: unable to initialize frontend: Readline
debconf: (This frontend requires a controlling tty.)
debconf: falling back to frontend: Teletype

Running kernel seems to be up-to-date.

Restarting services...

Service restarts being deferred:
 systemctl restart networkd-dispatcher.service
 systemctl restart unattended-upgrades.service

No containers need to be restarted.

No user sessions are running outdated binaries.

No VM guests are running outdated hypervisor (qemu) binaries on this host.
imports ok
== 4/5 running the cost bench ==
method                             median       p99  x infer   inferences
-------------------------------------------------------------------------
inference only (no XAI)             0.35ms     0.43ms     1.0x            1
SHAP (Tree, exact)                  0.98ms     1.14ms     2.8x            0
SHAP (Kernel, model-agnostic)     846.92ms   858.36ms  2419.8x       209601
LIME                               77.29ms    77.47ms   220.8x         5000

-> results/tabular_arm.json

t_fwd calibrated = 98.47 ms  (1 pass, ResNet18/224/1 thread)

OCCLUSION — model: T = N_img * t_fwd   (no fitted parameter)
 stride   images   measured  predicted   error
     32       50      4906ms      4924ms   -0.4%
     16      170     17041ms     16740ms    1.8%
